../Core/Src/main.c:45:13:task1_handler	32	static
../Core/Src/main.c:73:13:task2_handler	32	static
../Core/Src/main.c:127:6:Button_interrupt_Handler	24	static,ignoring_inline_asm
../Core/Src/main.c:136:6:vApplicationIdleHook	8	static
../Core/Src/main.c:170:5:main	32	static,ignoring_inline_asm
../Core/Src/main.c:241:6:SystemClock_Config	88	static
../Core/Src/main.c:288:13:MX_GPIO_Init	40	static
../Core/Src/main.c:340:6:HAL_TIM_PeriodElapsedCallback	16	static
../Core/Src/main.c:357:6:Error_Handler	4	static,ignoring_inline_asm
